Looking in indexes: https://download.pytorch.org/whl/cpu
Collecting torch==2.6.0+cpu
  Downloading https://download-r2.pytorch.org/whl/cpu/torch-2.6.0%2Bcpu-cp312-cp312-linux_x86_64.whl.metadata (26 kB)
Collecting torchvision==0.21.0+cpu
  Downloading https://download-r2.pytorch.org/whl/cpu/torchvision-0.21.0%2Bcpu-cp312-cp312-linux_x86_64.whl.metadata (6.1 kB)
Collecting filelock (from torch==2.6.0+cpu)
  Downloading filelock-3.32.3-py3-none-any.whl.metadata (2.0 kB)
Collecting typing-extensions>=4.10.0 (from torch==2.6.0+cpu)
  Downloading typing_extensions-4.16.0-py3-none-any.whl.metadata (3.3 kB)
Collecting networkx (from torch==2.6.0+cpu)
  Downloading networkx-3.6.1-py3-none-any.whl.metadata (6.8 kB)
Collecting jinja2 (from torch==2.6.0+cpu)
  Downloading https://download.pytorch.org/whl/jinja2-3.1.6-py3-none-any.whl.metadata (2.9 kB)
Collecting fsspec (from torch==2.6.0+cpu)
  Downloading fsspec-2026.7.0-py3-none-any.whl.metadata (10 kB)
Collecting setuptools (from torch==2.6.0+cpu)
  Downloading https://download.pytorch.org/whl/setuptools-78.1.0-py3-none-any.whl.metadata (6.6 kB)
Collecting sympy==1.13.1 (from torch==2.6.0+cpu)
  Downloading sympy-1.13.1-py3-none-any.whl.metadata (12 kB)
Collecting numpy (from torchvision==0.21.0+cpu)
  Downloading numpy-2.5.2-cp312-cp312-manylinux_2_27_x86_64.manylinux_2_28_x86_64.whl.metadata (6.6 kB)
Collecting pillow!=8.3.*,>=5.3.0 (from torchvision==0.21.0+cpu)
  Downloading pillow-12.3.0-cp312-cp312-manylinux_2_27_x86_64.manylinux_2_28_x86_64.whl.metadata (9.1 kB)
Collecting mpmath<1.4,>=1.1.0 (from sympy==1.13.1->torch==2.6.0+cpu)
  Downloading mpmath-1.3.0-py3-none-any.whl.metadata (8.6 kB)
Collecting MarkupSafe>=2.0 (from jinja2->torch==2.6.0+cpu)
  Downloading https://download.pytorch.org/whl/markupsafe-3.0.3-cp312-cp312-manylinux2014_x86_64.manylinux_2_17_x86_64.manylinux_2_28_x86_64.whl.metadata (2.7 kB)
Downloading https://download-r2.pytorch.org/whl/cpu/torch-2.6.0%2Bcpu-cp312-cp312-linux_x86_64.whl (178.6 MB)
   ━━━━━━━━━━━━━━━━━━━━━━━━━━━━━━━━━━━━━━━━ 178.6/178.6 MB 13.8 MB/s eta 0:00:00
Downloading https://download-r2.pytorch.org/whl/cpu/torchvision-0.21.0%2Bcpu-cp312-cp312-linux_x86_64.whl (1.8 MB)
   ━━━━━━━━━━━━━━━━━━━━━━━━━━━━━━━━━━━━━━━━ 1.8/1.8 MB 17.5 MB/s eta 0:00:00
Downloading sympy-1.13.1-py3-none-any.whl (6.2 MB)
   ━━━━━━━━━━━━━━━━━━━━━━━━━━━━━━━━━━━━━━━━ 6.2/6.2 MB 14.7 MB/s eta 0:00:00
Downloading pillow-12.3.0-cp312-cp312-manylinux_2_27_x86_64.manylinux_2_28_x86_64.whl (6.9 MB)
   ━━━━━━━━━━━━━━━━━━━━━━━━━━━━━━━━━━━━━━━━ 6.9/6.9 MB 14.2 MB/s eta 0:00:00
Downloading typing_extensions-4.16.0-py3-none-any.whl (45 kB)
Downloading filelock-3.32.3-py3-none-any.whl (98 kB)
Downloading fsspec-2026.7.0-py3-none-any.whl (206 kB)
Downloading https://download.pytorch.org/whl/jinja2-3.1.6-py3-none-any.whl (134 kB)
Downloading networkx-3.6.1-py3-none-any.whl (2.1 MB)
   ━━━━━━━━━━━━━━━━━━━━━━━━━━━━━━━━━━━━━━━━ 2.1/2.1 MB 18.2 MB/s eta 0:00:00
Downloading numpy-2.5.2-cp312-cp312-manylinux_2_27_x86_64.manylinux_2_28_x86_64.whl (16.7 MB)
   ━━━━━━━━━━━━━━━━━━━━━━━━━━━━━━━━━━━━━━━━ 16.7/16.7 MB 14.3 MB/s eta 0:00:00
Downloading https://download.pytorch.org/whl/setuptools-78.1.0-py3-none-any.whl (1.3 MB)
   ━━━━━━━━━━━━━━━━━━━━━━━━━━━━━━━━━━━━━━━━ 1.3/1.3 MB 106.4 MB/s eta 0:00:00
Downloading https://download.pytorch.org/whl/markupsafe-3.0.3-cp312-cp312-manylinux2014_x86_64.manylinux_2_17_x86_64.manylinux_2_28_x86_64.whl (22 kB)
Downloading mpmath-1.3.0-py3-none-any.whl (536 kB)
   ━━━━━━━━━━━━━━━━━━━━━━━━━━━━━━━━━━━━━━━━ 536.2/536.2 kB 96.0 MB/s eta 0:00:00
Installing collected packages: mpmath, typing-extensions, sympy, setuptools, pillow, numpy, networkx, MarkupSafe, fsspec, filelock, jinja2, torch, torchvision
Successfully installed MarkupSafe-3.0.3 filelock-3.32.3 fsspec-2026.7.0 jinja2-3.1.6 mpmath-1.3.0 networkx-3.6.1 numpy-2.5.2 pillow-12.3.0 setuptools-78.1.0 sympy-1.13.1 torch-2.6.0+cpu torchvision-0.21.0+cpu typing-extensions-4.16.0
