Collecting gradio_client==1.8.0
  Downloading gradio_client-1.8.0-py3-none-any.whl.metadata (7.1 kB)
Requirement already satisfied: fsspec in ./.venv/lib/python3.12/site-packages (from gradio_client==1.8.0) (2026.7.0)
Collecting httpx>=0.24.1 (from gradio_client==1.8.0)
  Downloading httpx-0.28.1-py3-none-any.whl.metadata (7.1 kB)
Requirement already satisfied: huggingface-hub>=0.19.3 in ./.venv/lib/python3.12/site-packages (from gradio_client==1.8.0) (0.36.2)
Requirement already satisfied: packaging in ./.venv/lib/python3.12/site-packages (from gradio_client==1.8.0) (26.3)
Requirement already satisfied: typing-extensions~=4.0 in ./.venv/lib/python3.12/site-packages (from gradio_client==1.8.0) (4.16.0)
Collecting websockets<16.0,>=10.0 (from gradio_client==1.8.0)
  Downloading websockets-15.0.1-cp312-cp312-manylinux_2_5_x86_64.manylinux1_x86_64.manylinux_2_17_x86_64.manylinux2014_x86_64.whl.metadata (6.8 kB)
Collecting anyio (from httpx>=0.24.1->gradio_client==1.8.0)
  Downloading anyio-4.15.1-py3-none-any.whl.metadata (4.7 kB)
Requirement already satisfied: certifi in ./.venv/lib/python3.12/site-packages (from httpx>=0.24.1->gradio_client==1.8.0) (2026.7.22)
Collecting httpcore==1.* (from httpx>=0.24.1->gradio_client==1.8.0)
  Downloading httpcore-1.0.9-py3-none-any.whl.metadata (21 kB)
Requirement already satisfied: idna in ./.venv/lib/python3.12/site-packages (from httpx>=0.24.1->gradio_client==1.8.0) (3.20)
Collecting h11>=0.16 (from httpcore==1.*->httpx>=0.24.1->gradio_client==1.8.0)
  Downloading h11-0.16.0-py3-none-any.whl.metadata (8.3 kB)
Requirement already satisfied: filelock in ./.venv/lib/python3.12/site-packages (from huggingface-hub>=0.19.3->gradio_client==1.8.0) (3.32.3)
Requirement already satisfied: hf-xet<2.0.0,>=1.1.3 in ./.venv/lib/python3.12/site-packages (from huggingface-hub>=0.19.3->gradio_client==1.8.0) (1.7.0)
Requirement already satisfied: pyyaml>=5.1 in ./.venv/lib/python3.12/site-packages (from huggingface-hub>=0.19.3->gradio_client==1.8.0) (6.0.3)
Requirement already satisfied: requests in ./.venv/lib/python3.12/site-packages (from huggingface-hub>=0.19.3->gradio_client==1.8.0) (2.34.2)
Requirement already satisfied: tqdm>=4.42.1 in ./.venv/lib/python3.12/site-packages (from huggingface-hub>=0.19.3->gradio_client==1.8.0) (4.70.1)
Requirement already satisfied: charset_normalizer<4,>=2 in ./.venv/lib/python3.12/site-packages (from requests->huggingface-hub>=0.19.3->gradio_client==1.8.0) (3.5.2)
Requirement already satisfied: urllib3<3,>=1.26 in ./.venv/lib/python3.12/site-packages (from requests->huggingface-hub>=0.19.3->gradio_client==1.8.0) (2.8.0)
Downloading gradio_client-1.8.0-py3-none-any.whl (322 kB)
Downloading httpx-0.28.1-py3-none-any.whl (73 kB)
Downloading httpcore-1.0.9-py3-none-any.whl (78 kB)
Downloading websockets-15.0.1-cp312-cp312-manylinux_2_5_x86_64.manylinux1_x86_64.manylinux_2_17_x86_64.manylinux2014_x86_64.whl (182 kB)
Downloading anyio-4.15.1-py3-none-any.whl (132 kB)
Downloading h11-0.16.0-py3-none-any.whl (37 kB)
Installing collected packages: websockets, h11, anyio, httpcore, httpx, gradio_client
Successfully installed anyio-4.15.1 gradio_client-1.8.0 h11-0.16.0 httpcore-1.0.9 httpx-0.28.1 websockets-15.0.1

[notice] A new release of pip is available: 25.0.1 -> 26.2.1
[notice] To update, run: python -m pip install --upgrade pip
