Collecting transformers==4.49.0
  Downloading transformers-4.49.0-py3-none-any.whl.metadata (44 kB)
Collecting accelerate==1.4.0
  Downloading accelerate-1.4.0-py3-none-any.whl.metadata (19 kB)
Collecting Pillow==11.1.0
  Downloading pillow-11.1.0-cp312-cp312-manylinux_2_28_x86_64.whl.metadata (9.1 kB)
Requirement already satisfied: filelock in /workspace/scratch/06f7a90cc9c6/outputs/evidence_revision_pilot/.venv/lib/python3.12/site-packages (from transformers==4.49.0) (3.32.3)
Collecting huggingface-hub<1.0,>=0.26.0 (from transformers==4.49.0)
  Downloading huggingface_hub-0.36.2-py3-none-any.whl.metadata (15 kB)
Requirement already satisfied: numpy>=1.17 in /workspace/scratch/06f7a90cc9c6/outputs/evidence_revision_pilot/.venv/lib/python3.12/site-packages (from transformers==4.49.0) (2.5.2)
Collecting packaging>=20.0 (from transformers==4.49.0)
  Downloading packaging-26.3-py3-none-any.whl.metadata (3.5 kB)
Collecting pyyaml>=5.1 (from transformers==4.49.0)
  Downloading pyyaml-6.0.3-cp312-cp312-manylinux2014_x86_64.manylinux_2_17_x86_64.manylinux_2_28_x86_64.whl.metadata (2.4 kB)
Collecting regex!=2019.12.17 (from transformers==4.49.0)
  Downloading regex-2026.9.29-cp312-cp312-manylinux2014_x86_64.manylinux_2_17_x86_64.manylinux_2_28_x86_64.whl.metadata (40 kB)
Collecting requests (from transformers==4.49.0)
  Downloading requests-2.34.2-py3-none-any.whl.metadata (4.8 kB)
Collecting tokenizers<0.22,>=0.21 (from transformers==4.49.0)
  Downloading tokenizers-0.21.4-cp39-abi3-manylinux_2_17_x86_64.manylinux2014_x86_64.whl.metadata (6.7 kB)
Collecting safetensors>=0.4.1 (from transformers==4.49.0)
  Downloading safetensors-0.8.0-cp310-abi3-manylinux_2_17_x86_64.manylinux2014_x86_64.whl.metadata (4.2 kB)
Collecting tqdm>=4.27 (from transformers==4.49.0)
  Downloading tqdm-4.70.1-py3-none-any.whl.metadata (57 kB)
Collecting psutil (from accelerate==1.4.0)
  Downloading psutil-7.2.2-cp36-abi3-manylinux2010_x86_64.manylinux_2_12_x86_64.manylinux_2_28_x86_64.whl.metadata (22 kB)
Requirement already satisfied: torch>=2.0.0 in /workspace/scratch/06f7a90cc9c6/outputs/evidence_revision_pilot/.venv/lib/python3.12/site-packages (from accelerate==1.4.0) (2.6.0+cpu)
Requirement already satisfied: fsspec>=2023.5.0 in /workspace/scratch/06f7a90cc9c6/outputs/evidence_revision_pilot/.venv/lib/python3.12/site-packages (from huggingface-hub<1.0,>=0.26.0->transformers==4.49.0) (2026.7.0)
Collecting hf-xet<2.0.0,>=1.1.3 (from huggingface-hub<1.0,>=0.26.0->transformers==4.49.0)
  Downloading hf_xet-1.7.0-cp38-abi3-manylinux2014_x86_64.manylinux_2_17_x86_64.whl.metadata (4.9 kB)
Requirement already satisfied: typing-extensions>=3.7.4.3 in /workspace/scratch/06f7a90cc9c6/outputs/evidence_revision_pilot/.venv/lib/python3.12/site-packages (from huggingface-hub<1.0,>=0.26.0->transformers==4.49.0) (4.16.0)
Requirement already satisfied: networkx in /workspace/scratch/06f7a90cc9c6/outputs/evidence_revision_pilot/.venv/lib/python3.12/site-packages (from torch>=2.0.0->accelerate==1.4.0) (3.6.1)
Requirement already satisfied: jinja2 in /workspace/scratch/06f7a90cc9c6/outputs/evidence_revision_pilot/.venv/lib/python3.12/site-packages (from torch>=2.0.0->accelerate==1.4.0) (3.1.6)
Requirement already satisfied: setuptools in /workspace/scratch/06f7a90cc9c6/outputs/evidence_revision_pilot/.venv/lib/python3.12/site-packages (from torch>=2.0.0->accelerate==1.4.0) (78.1.0)
Requirement already satisfied: sympy==1.13.1 in /workspace/scratch/06f7a90cc9c6/outputs/evidence_revision_pilot/.venv/lib/python3.12/site-packages (from torch>=2.0.0->accelerate==1.4.0) (1.13.1)
Requirement already satisfied: mpmath<1.4,>=1.1.0 in /workspace/scratch/06f7a90cc9c6/outputs/evidence_revision_pilot/.venv/lib/python3.12/site-packages (from sympy==1.13.1->torch>=2.0.0->accelerate==1.4.0) (1.3.0)
Collecting charset_normalizer<4,>=2 (from requests->transformers==4.49.0)
  Downloading charset_normalizer-3.5.2-cp312-cp312-manylinux2014_x86_64.manylinux_2_17_x86_64.manylinux_2_28_x86_64.whl.metadata (46 kB)
Collecting idna<4,>=2.5 (from requests->transformers==4.49.0)
  Downloading idna-3.20-py3-none-any.whl.metadata (7.2 kB)
Collecting urllib3<3,>=1.26 (from requests->transformers==4.49.0)
  Downloading urllib3-2.8.0-py3-none-any.whl.metadata (7.4 kB)
Collecting certifi>=2023.5.7 (from requests->transformers==4.49.0)
  Downloading certifi-2026.7.22-py3-none-any.whl.metadata (2.5 kB)
Requirement already satisfied: MarkupSafe>=2.0 in /workspace/scratch/06f7a90cc9c6/outputs/evidence_revision_pilot/.venv/lib/python3.12/site-packages (from jinja2->torch>=2.0.0->accelerate==1.4.0) (3.0.3)
Downloading transformers-4.49.0-py3-none-any.whl (10.0 MB)
   ━━━━━━━━━━━━━━━━━━━━━━━━━━━━━━━━━━━━━━━━ 10.0/10.0 MB 52.7 MB/s eta 0:00:00
Downloading accelerate-1.4.0-py3-none-any.whl (342 kB)
Downloading pillow-11.1.0-cp312-cp312-manylinux_2_28_x86_64.whl (4.5 MB)
   ━━━━━━━━━━━━━━━━━━━━━━━━━━━━━━━━━━━━━━━━ 4.5/4.5 MB 57.0 MB/s eta 0:00:00
Downloading huggingface_hub-0.36.2-py3-none-any.whl (566 kB)
   ━━━━━━━━━━━━━━━━━━━━━━━━━━━━━━━━━━━━━━━━ 566.4/566.4 kB 7.1 MB/s eta 0:00:00
Downloading packaging-26.3-py3-none-any.whl (129 kB)
Downloading pyyaml-6.0.3-cp312-cp312-manylinux2014_x86_64.manylinux_2_17_x86_64.manylinux_2_28_x86_64.whl (807 kB)
   ━━━━━━━━━━━━━━━━━━━━━━━━━━━━━━━━━━━━━━━━ 807.9/807.9 kB 11.3 MB/s eta 0:00:00
Downloading regex-2026.9.29-cp312-cp312-manylinux2014_x86_64.manylinux_2_17_x86_64.manylinux_2_28_x86_64.whl (807 kB)
   ━━━━━━━━━━━━━━━━━━━━━━━━━━━━━━━━━━━━━━━━ 807.8/807.8 kB 11.5 MB/s eta 0:00:00
Downloading safetensors-0.8.0-cp310-abi3-manylinux_2_17_x86_64.manylinux2014_x86_64.whl (516 kB)
Downloading tokenizers-0.21.4-cp39-abi3-manylinux_2_17_x86_64.manylinux2014_x86_64.whl (3.1 MB)
   ━━━━━━━━━━━━━━━━━━━━━━━━━━━━━━━━━━━━━━━━ 3.1/3.1 MB 49.2 MB/s eta 0:00:00
Downloading tqdm-4.70.1-py3-none-any.whl (80 kB)
Downloading psutil-7.2.2-cp36-abi3-manylinux2010_x86_64.manylinux_2_12_x86_64.manylinux_2_28_x86_64.whl (155 kB)
Downloading requests-2.34.2-py3-none-any.whl (73 kB)
Downloading certifi-2026.7.22-py3-none-any.whl (136 kB)
Downloading charset_normalizer-3.5.2-cp312-cp312-manylinux2014_x86_64.manylinux_2_17_x86_64.manylinux_2_28_x86_64.whl (257 kB)
Downloading hf_xet-1.7.0-cp38-abi3-manylinux2014_x86_64.manylinux_2_17_x86_64.whl (4.2 MB)
   ━━━━━━━━━━━━━━━━━━━━━━━━━━━━━━━━━━━━━━━━ 4.2/4.2 MB 190.6 MB/s eta 0:00:00
Downloading idna-3.20-py3-none-any.whl (69 kB)
Downloading urllib3-2.8.0-py3-none-any.whl (135 kB)
Installing collected packages: urllib3, tqdm, safetensors, regex, pyyaml, psutil, Pillow, packaging, idna, hf-xet, charset_normalizer, certifi, requests, huggingface-hub, tokenizers, accelerate, transformers
  Attempting uninstall: Pillow
    Found existing installation: pillow 12.3.0
    Uninstalling pillow-12.3.0:
      Successfully uninstalled pillow-12.3.0
Successfully installed Pillow-12.3.0 accelerate certifi charset_normalizer hf-xet huggingface-hub idna packaging psutil pyyaml regex requests safetensors tokenizers tqdm transformers urllib3

[notice] A new release of pip is available: 25.0.1 -> 26.2.1
[notice] To update, run: python -m pip install --upgrade pip
