Using a slow image processor as `use_fast` is unset and a slow processor was saved with this model. `use_fast=True` will be the default behavior in v4.48, even if the model was saved with a slow processor. This will result in minor differences in outputs. You'll still be able to use a slow processor with `use_fast=False`.

Loading checkpoint shards:   0%|          | 0/2 [00:00<?, ?it/s]
Loading checkpoint shards:  50%|█████     | 1/2 [00:00<00:00,  5.40it/s]
Loading checkpoint shards: 100%|██████████| 2/2 [00:00<00:00,  6.14it/s]
Loading checkpoint shards: 100%|██████████| 2/2 [00:00<00:00,  6.01it/s]
{
  "test": "Real camera E2 multi-image trial: joint versus cached per-image encoding",
  "bitwise_equal": false,
  "max_absolute_difference": 25.125,
  "shape": [
    540,
    1536
  ],
  "frames": [
    {
      "path": "inputs/camera_E1_partial.png",
      "sha256": "8681414b8f8bfd0e73ffb9630e9b5fc3f114964556e163b5e838610e876a46ed"
    },
    {
      "path": "inputs/camera_E2_partial.png",
      "sha256": "13021309507adf909460384ff537260f812a241f51690412f64de2352f8e31d2"
    },
    {
      "path": "inputs/camera_E2_full.png",
      "sha256": "911e918ffa4f407353128b89fb8da988ee33b144e133fa5cda5ca8e6e4ea2253"
    }
  ]
}
Traceback (most recent call last):
  File "/workspace/scratch/06f7a90cc9c6/outputs/evidence_revision_pilot/direct_revision/audit_real_cache.py", line 21, in <module>
    (root/'results/real_cache_audit.json').write_text(json.dumps(row,indent=2));print(json.dumps(row,indent=2));assert equal
                                                                                                                       ^^^^^
AssertionError
